// Jest Snapshot v1, https://goo.gl/fbAQLP

exports[`TextTransformer colors force colors option, results in colors are always used, even when printing to a non tty and colors option is disabled 1`] = `
"[[36mNOW[39m] [[33mtext[39m] [[34mINFO[39m]    [34minfo[39m
"
`;

exports[`TextTransformer colors setting invalid coloring function throws 1`] = `"Unsupported option INVALID"`;

exports[`TextTransformer format complex types 1`] = `
"[[36m0000-00-00 00:00:00.000+0000[39m] [[34mINFO[39m]    [34m{[39m
[[36m0000-00-00 00:00:00.000+0000[39m] [[34mINFO[39m]    [34m    featureEnabled: false[39m
[[36m0000-00-00 00:00:00.000+0000[39m] [[34mINFO[39m]    [34m    fn: [Function: fn][39m
[[36m0000-00-00 00:00:00.000+0000[39m] [[34mINFO[39m]    [34m    list: [ '1', '2', '3' ][39m
[[36m0000-00-00 00:00:00.000+0000[39m] [[34mINFO[39m]    [34m    nested: {[39m
[[36m0000-00-00 00:00:00.000+0000[39m] [[34mINFO[39m]    [34m        level: {[39m
[[36m0000-00-00 00:00:00.000+0000[39m] [[34mINFO[39m]    [34m            must: object[39m
[[36m0000-00-00 00:00:00.000+0000[39m] [[34mINFO[39m]    [34m        }[39m
[[36m0000-00-00 00:00:00.000+0000[39m] [[34mINFO[39m]    [34m    }[39m
[[36m0000-00-00 00:00:00.000+0000[39m] [[34mINFO[39m]    [34m    noValue: {[39m
[[36m0000-00-00 00:00:00.000+0000[39m] [[34mINFO[39m]    [34m        provided: null[39m
[[36m0000-00-00 00:00:00.000+0000[39m] [[34mINFO[39m]    [34m        unprovided: undefined[39m
[[36m0000-00-00 00:00:00.000+0000[39m] [[34mINFO[39m]    [34m    }[39m
[[36m0000-00-00 00:00:00.000+0000[39m] [[34mINFO[39m]    [34m    numeric: 3.141592653589793[39m
[[36m0000-00-00 00:00:00.000+0000[39m] [[34mINFO[39m]    [34m    string: 'complex'[39m
[[36m0000-00-00 00:00:00.000+0000[39m] [[34mINFO[39m]    [34m    transformer: TextTransformer[39m
[[36m0000-00-00 00:00:00.000+0000[39m] [[34mINFO[39m]    [34m}[39m
"
`;

exports[`TextTransformer format custom level text mask, will simply output get outputtet as is 1`] = `
"[[36mNOW[39m] [[33mtext[39m] [[34mINFO[39m]    [34mmessage[39m
"
`;

exports[`TextTransformer format formatting errors without stack does not fail 1`] = `
"[[36mNOW[39m] [[33mtext[39m] [[41m[37mERROR[39m[49m]   [41m[37mError: Error: no stack[39m[49m
"
`;

exports[`TextTransformer format unknown numeric level mask, without custom level text, will output UNKNOWN 1`] = `
"[[36mNOW[39m] [[33mtext[39m] [[34mINFO[39m]    [34mmessage[39m
"
`;

exports[`TextTransformer formatTypes formatting errors without stack without breaking 1`] = `
"{
    errors: [ Without stack, With stack
        Error: With stack
at ... Mock stack trace ]
}"
`;

exports[`TextTransformer formatTypes named functions get outputted with name suffix 1`] = `
"{
    fns: [ Function ]
    withName: [Function: withName]
}"
`;
